[48;2;144;32;47m0[48;2;151;31;51mA[48;2;158;30;54mB[48;2;166;29;58mC[48;2;174;29;62mD[48;2;182;27;66mE[48;2;190;26;71mF[48;2;198;25;76mG[48;2;206;23;81mH[48;2;215;22;87mI[48;2;223;20;93mJ[48;2;232;18;99mK[48;2;238;19;106mL[48;2;241;23;115mM[48;2;244;27;123mN[48;2;246;31;131mO[48;2;249;35;139mP[48;2;251;40;147mQ[48;2;253;45;155mR[48;2;254;46;163mS[48;2;254;42;171mT[48;2;253;39;179mU[48;2;252;35;187mV[48;2;251;31;196mW[48;2;250;28;205mX[48;2;250;24;215mY[48;2;249;21;224mZ[48;2;248;17;234m√Ö[48;2;247;14;244m√Ñ[48;2;238;10;246m√ñ[48;2;224;9;243ma[48;2;208;10;238mb[48;2;193;10;233mc[48;2;179;11;228md[48;2;165;11;223me[48;2;152;12;218mf[48;2;139;12;213mg[48;2;127;13;208mh[48;2;116;13;203mi[48;2;104;14;198mj[48;2;94;14;194mk[48;2;84;15;189ml[48;2;74;15;184mm[48;2;65;15;179mn[48;2;56;15;175mo[48;2;48;16;170mp[48;2;40;16;165mq[48;2;32;16;161mr[48;2;25;16;156ms[48;2;19;16;152mt[48;2;17;21;147mu[48;2;17;26;143mv[48;2;17;32;138mw[48;2;17;37;134mx[48;2;17;42;130my[48;2;17;46;125mz[48;2;17;49;121m√•[48;2;16;53;117m√§[48;2;16;56;112m√∂[48;2;16;58;108m [48;2;16;60;104m [48;2;16;62;100m [48;2;15;64;96m [0m
[48;2;144;32;47m1[48;2;151;31;51mA[48;2;158;30;54mB[48;2;166;29;58mC[48;2;174;29;62mD[48;2;182;27;66mE[48;2;190;26;71mF[48;2;198;25;76mG[48;2;206;23;81mH[48;2;215;22;87mI[48;2;223;20;93mJ[48;2;232;18;99mK[48;2;238;19;106mL[48;2;241;23;115mM[48;2;244;27;123mN[48;2;246;31;131mO[48;2;249;35;139mP[48;2;251;40;147mQ[48;2;253;45;155mR[48;2;254;46;163mS[48;2;254;42;171mT[48;2;253;39;179mU[48;2;252;35;187mV[48;2;251;31;196mW[48;2;250;28;205mX[48;2;250;24;215mY[48;2;249;21;224mZ[48;2;248;17;234m√Ö[48;2;247;14;244m√Ñ[48;2;238;10;246m√ñ[48;2;224;9;243ma[48;2;208;10;238mb[48;2;193;10;233mc[48;2;179;11;228md[48;2;165;11;223me[48;2;152;12;218mf[48;2;139;12;213mg[48;2;127;13;208mh[48;2;116;13;203mi[48;2;104;14;198mj[48;2;94;14;194mk[48;2;84;15;189ml[48;2;74;15;184mm[48;2;65;15;179mn[48;2;56;15;175mo[48;2;48;16;170mp[48;2;40;16;165mq[48;2;32;16;161mr[48;2;25;16;156ms[48;2;19;16;152mt[48;2;17;21;147mu[48;2;17;26;143mv[48;2;17;32;138mw[48;2;17;37;134mx[48;2;17;42;130my[48;2;17;46;125mz[48;2;17;49;121m√•[48;2;16;53;117m√§[48;2;16;56;112m√∂[48;2;16;58;108m [48;2;16;60;104m [48;2;16;62;100m [48;2;15;64;96m [0m
[48;2;144;32;47m2[48;2;151;31;51mA[48;2;158;30;54mB[48;2;166;29;58mC[48;2;174;29;62mD[48;2;182;27;66mE[48;2;190;26;71mF[48;2;198;25;76mG[48;2;206;23;81mH[48;2;215;22;87mI[48;2;223;20;93mJ[48;2;232;18;99mK[48;2;238;19;106mL[48;2;241;23;115mM[48;2;244;27;123mN[48;2;246;31;131mO[48;2;249;35;139mP[48;2;251;40;147mQ[48;2;253;45;155mR[48;2;254;46;163mS[48;2;254;42;171mT[48;2;253;39;179mU[48;2;252;35;187mV[48;2;251;31;196mW[48;2;250;28;205mX[48;2;250;24;215mY[48;2;249;21;224mZ[48;2;248;17;234m√Ö[48;2;247;14;244m√Ñ[48;2;238;10;246m√ñ[48;2;224;9;243ma[48;2;208;10;238mb[48;2;193;10;233mc[48;2;179;11;228md[48;2;165;11;223me[48;2;152;12;218mf[48;2;139;12;213mg[48;2;127;13;208mh[48;2;116;13;203mi[48;2;104;14;198mj[48;2;94;14;194mk[48;2;84;15;189ml[48;2;74;15;184mm[48;2;65;15;179mn[48;2;56;15;175mo[48;2;48;16;170mp[48;2;40;16;165mq[48;2;32;16;161mr[48;2;25;16;156ms[48;2;19;16;152mt[48;2;17;21;147mu[48;2;17;26;143mv[48;2;17;32;138mw[48;2;17;37;134mx[48;2;17;42;130my[48;2;17;46;125mz[48;2;17;49;121m√•[48;2;16;53;117m√§[48;2;16;56;112m√∂[48;2;16;58;108m [48;2;16;60;104m [48;2;16;62;100m [48;2;15;64;96m [0m
[48;2;144;32;47m3[48;2;151;31;51mA[48;2;158;30;54mB[48;2;166;29;58mC[48;2;174;29;62mD[48;2;182;27;66mE[48;2;190;26;71mF[48;2;198;25;76mG[48;2;206;23;81mH[48;2;215;22;87mI[48;2;223;20;93mJ[48;2;232;18;99mK[48;2;238;19;106mL[48;2;241;23;115mM[48;2;244;27;123mN[48;2;246;31;131mO[48;2;249;35;139mP[48;2;251;40;147mQ[48;2;253;45;155mR[48;2;254;46;163mS[48;2;254;42;171mT[48;2;253;39;179mU[48;2;252;35;187mV[48;2;251;31;196mW[48;2;250;28;205mX[48;2;250;24;215mY[48;2;249;21;224mZ[48;2;248;17;234m√Ö[48;2;247;14;244m√Ñ[48;2;238;10;246m√ñ[48;2;224;9;243ma[48;2;208;10;238mb[48;2;193;10;233mc[48;2;179;11;228md[48;2;165;11;223me[48;2;152;12;218mf[48;2;139;12;213mg[48;2;127;13;208mh[48;2;116;13;203mi[48;2;104;14;198mj[48;2;94;14;194mk[48;2;84;15;189ml[48;2;74;15;184mm[48;2;65;15;179mn[48;2;56;15;175mo[48;2;48;16;170mp[48;2;40;16;165mq[48;2;32;16;161mr[48;2;25;16;156ms[48;2;19;16;152mt[48;2;17;21;147mu[48;2;17;26;143mv[48;2;17;32;138mw[48;2;17;37;134mx[48;2;17;42;130my[48;2;17;46;125mz[48;2;17;49;121m√•[48;2;16;53;117m√§[48;2;16;56;112m√∂[48;2;16;58;108m [48;2;16;60;104m [48;2;16;62;100m [48;2;15;64;96m [0m
[48;2;144;32;47m4[48;2;151;31;51mA[48;2;158;30;54mB[48;2;166;29;58mC[48;2;174;29;62mD[48;2;182;27;66mE[48;2;190;26;71mF[48;2;198;25;76mG[48;2;206;23;81mH[48;2;215;22;87mI[48;2;223;20;93mJ[48;2;232;18;99mK[48;2;238;19;106mL[48;2;241;23;115mM[48;2;244;27;123mN[48;2;246;31;131mO[48;2;249;35;139mP[48;2;251;40;147mQ[48;2;253;45;155mR[48;2;254;46;163mS[48;2;254;42;171mT[48;2;253;39;179mU[48;2;252;35;187mV[48;2;251;31;196mW[48;2;250;28;205mX[48;2;250;24;215mY[48;2;249;21;224mZ[48;2;248;17;234m√Ö[48;2;247;14;244m√Ñ[48;2;238;10;246m√ñ[48;2;224;9;243ma[48;2;208;10;238mb[48;2;193;10;233mc[48;2;179;11;228md[48;2;165;11;223me[48;2;152;12;218mf[48;2;139;12;213mg[48;2;127;13;208mh[48;2;116;13;203mi[48;2;104;14;198mj[48;2;94;14;194mk[48;2;84;15;189ml[48;2;74;15;184mm[48;2;65;15;179mn[48;2;56;15;175mo[48;2;48;16;170mp[48;2;40;16;165mq[48;2;32;16;161mr[48;2;25;16;156ms[48;2;19;16;152mt[48;2;17;21;147mu[48;2;17;26;143mv[48;2;17;32;138mw[48;2;17;37;134mx[48;2;17;42;130my[48;2;17;46;125mz[48;2;17;49;121m√•[48;2;16;53;117m√§[48;2;16;56;112m√∂[48;2;16;58;108m [48;2;16;60;104m [48;2;16;62;100m [48;2;15;64;96m [0m
[48;2;144;32;47m5[48;2;151;31;51mA[48;2;158;30;54mB[48;2;166;29;58mC[48;2;174;29;62mD[48;2;182;27;66mE[48;2;190;26;71mF[48;2;198;25;76mG[48;2;206;23;81mH[48;2;215;22;87mI[48;2;223;20;93mJ[48;2;232;18;99mK[48;2;238;19;106mL[48;2;241;23;115mM[48;2;244;27;123mN[48;2;246;31;131mO[48;2;249;35;139mP[48;2;251;40;147mQ[48;2;253;45;155mR[48;2;254;46;163mS[48;2;254;42;171mT[48;2;253;39;179mU[48;2;252;35;187mV[48;2;251;31;196mW[48;2;250;28;205mX[48;2;250;24;215mY[48;2;249;21;224mZ[48;2;248;17;234m√Ö[48;2;247;14;244m√Ñ[48;2;238;10;246m√ñ[48;2;224;9;243ma[48;2;208;10;238mb[48;2;193;10;233mc[48;2;179;11;228md[48;2;165;11;223me[48;2;152;12;218mf[48;2;139;12;213mg[48;2;127;13;208mh[48;2;116;13;203mi[48;2;104;14;198mj[48;2;94;14;194mk[48;2;84;15;189ml[48;2;74;15;184mm[48;2;65;15;179mn[48;2;56;15;175mo[48;2;48;16;170mp[48;2;40;16;165mq[48;2;32;16;161mr[48;2;25;16;156ms[48;2;19;16;152mt[48;2;17;21;147mu[48;2;17;26;143mv[48;2;17;32;138mw[48;2;17;37;134mx[48;2;17;42;130my[48;2;17;46;125mz[48;2;17;49;121m√•[48;2;16;53;117m√§[48;2;16;56;112m√∂[48;2;16;58;108m [48;2;16;60;104m [48;2;16;62;100m [48;2;15;64;96m [0m
