[38;2;0;0;144m0[38;2;0;0;142mA[38;2;0;0;141mB[38;2;0;0;140mC[38;2;0;0;138mD[38;2;0;0;137mE[38;2;0;0;136mF[38;2;0;0;134mG[38;2;0;0;133mH[38;2;0;0;132mI[38;2;0;0;131mJ[38;2;0;0;129mK[38;2;0;0;128mL[38;2;0;0;127mM[38;2;0;0;125mN[38;2;0;0;124mO[38;2;0;0;123mP[38;2;0;0;122mQ[38;2;0;0;120mR[38;2;0;0;119mS[38;2;0;0;118mT[38;2;0;0;116mU[38;2;0;0;115mV[38;2;0;0;114mW[38;2;0;0;113mX[38;2;0;0;111mY[38;2;0;0;110mZ[38;2;0;0;109m√Ö[38;2;0;0;107m√Ñ[38;2;0;0;106m√ñ[38;2;0;0;105ma[38;2;0;0;104mb[38;2;0;0;102mc[38;2;0;0;101md[38;2;0;0;100me[38;2;0;0;98mf[38;2;0;0;97mg[38;2;0;0;96mh[38;2;0;0;94mi[38;2;0;0;93mj[38;2;0;0;92mk[38;2;0;0;91ml[38;2;0;0;89mm[38;2;0;0;88mn[38;2;0;0;87mo[38;2;0;0;85mp[38;2;0;0;84mq[38;2;0;0;83mr[38;2;0;0;82ms[38;2;0;0;80mt[38;2;0;0;79mu[38;2;0;0;78mv[38;2;0;0;76mw[38;2;0;0;75mx[38;2;0;0;74my[38;2;0;0;73mz[38;2;0;0;71m√•[38;2;0;0;70m√§[38;2;0;0;69m√∂[38;2;0;0;67m [38;2;0;0;66m [38;2;0;0;65m [38;2;0;0;64m [0m
[38;2;0;0;144m1[38;2;0;0;142mA[38;2;0;0;141mB[38;2;0;0;140mC[38;2;0;0;138mD[38;2;0;0;137mE[38;2;0;0;136mF[38;2;0;0;134mG[38;2;0;0;133mH[38;2;0;0;132mI[38;2;0;0;131mJ[38;2;0;0;129mK[38;2;0;0;128mL[38;2;0;0;127mM[38;2;0;0;125mN[38;2;0;0;124mO[38;2;0;0;123mP[38;2;0;0;122mQ[38;2;0;0;120mR[38;2;0;0;119mS[38;2;0;0;118mT[38;2;0;0;116mU[38;2;0;0;115mV[38;2;0;0;114mW[38;2;0;0;113mX[38;2;0;0;111mY[38;2;0;0;110mZ[38;2;0;0;109m√Ö[38;2;0;0;107m√Ñ[38;2;0;0;106m√ñ[38;2;0;0;105ma[38;2;0;0;104mb[38;2;0;0;102mc[38;2;0;0;101md[38;2;0;0;100me[38;2;0;0;98mf[38;2;0;0;97mg[38;2;0;0;96mh[38;2;0;0;94mi[38;2;0;0;93mj[38;2;0;0;92mk[38;2;0;0;91ml[38;2;0;0;89mm[38;2;0;0;88mn[38;2;0;0;87mo[38;2;0;0;85mp[38;2;0;0;84mq[38;2;0;0;83mr[38;2;0;0;82ms[38;2;0;0;80mt[38;2;0;0;79mu[38;2;0;0;78mv[38;2;0;0;76mw[38;2;0;0;75mx[38;2;0;0;74my[38;2;0;0;73mz[38;2;0;0;71m√•[38;2;0;0;70m√§[38;2;0;0;69m√∂[38;2;0;0;67m [38;2;0;0;66m [38;2;0;0;65m [38;2;0;0;64m [0m
[38;2;0;0;144m2[38;2;0;0;142mA[38;2;0;0;141mB[38;2;0;0;140mC[38;2;0;0;138mD[38;2;0;0;137mE[38;2;0;0;136mF[38;2;0;0;134mG[38;2;0;0;133mH[38;2;0;0;132mI[38;2;0;0;131mJ[38;2;0;0;129mK[38;2;0;0;128mL[38;2;0;0;127mM[38;2;0;0;125mN[38;2;0;0;124mO[38;2;0;0;123mP[38;2;0;0;122mQ[38;2;0;0;120mR[38;2;0;0;119mS[38;2;0;0;118mT[38;2;0;0;116mU[38;2;0;0;115mV[38;2;0;0;114mW[38;2;0;0;113mX[38;2;0;0;111mY[38;2;0;0;110mZ[38;2;0;0;109m√Ö[38;2;0;0;107m√Ñ[38;2;0;0;106m√ñ[38;2;0;0;105ma[38;2;0;0;104mb[38;2;0;0;102mc[38;2;0;0;101md[38;2;0;0;100me[38;2;0;0;98mf[38;2;0;0;97mg[38;2;0;0;96mh[38;2;0;0;94mi[38;2;0;0;93mj[38;2;0;0;92mk[38;2;0;0;91ml[38;2;0;0;89mm[38;2;0;0;88mn[38;2;0;0;87mo[38;2;0;0;85mp[38;2;0;0;84mq[38;2;0;0;83mr[38;2;0;0;82ms[38;2;0;0;80mt[38;2;0;0;79mu[38;2;0;0;78mv[38;2;0;0;76mw[38;2;0;0;75mx[38;2;0;0;74my[38;2;0;0;73mz[38;2;0;0;71m√•[38;2;0;0;70m√§[38;2;0;0;69m√∂[38;2;0;0;67m [38;2;0;0;66m [38;2;0;0;65m [38;2;0;0;64m [0m
[38;2;0;0;144m3[38;2;0;0;142mA[38;2;0;0;141mB[38;2;0;0;140mC[38;2;0;0;138mD[38;2;0;0;137mE[38;2;0;0;136mF[38;2;0;0;134mG[38;2;0;0;133mH[38;2;0;0;132mI[38;2;0;0;131mJ[38;2;0;0;129mK[38;2;0;0;128mL[38;2;0;0;127mM[38;2;0;0;125mN[38;2;0;0;124mO[38;2;0;0;123mP[38;2;0;0;122mQ[38;2;0;0;120mR[38;2;0;0;119mS[38;2;0;0;118mT[38;2;0;0;116mU[38;2;0;0;115mV[38;2;0;0;114mW[38;2;0;0;113mX[38;2;0;0;111mY[38;2;0;0;110mZ[38;2;0;0;109m√Ö[38;2;0;0;107m√Ñ[38;2;0;0;106m√ñ[38;2;0;0;105ma[38;2;0;0;104mb[38;2;0;0;102mc[38;2;0;0;101md[38;2;0;0;100me[38;2;0;0;98mf[38;2;0;0;97mg[38;2;0;0;96mh[38;2;0;0;94mi[38;2;0;0;93mj[38;2;0;0;92mk[38;2;0;0;91ml[38;2;0;0;89mm[38;2;0;0;88mn[38;2;0;0;87mo[38;2;0;0;85mp[38;2;0;0;84mq[38;2;0;0;83mr[38;2;0;0;82ms[38;2;0;0;80mt[38;2;0;0;79mu[38;2;0;0;78mv[38;2;0;0;76mw[38;2;0;0;75mx[38;2;0;0;74my[38;2;0;0;73mz[38;2;0;0;71m√•[38;2;0;0;70m√§[38;2;0;0;69m√∂[38;2;0;0;67m [38;2;0;0;66m [38;2;0;0;65m [38;2;0;0;64m [0m
[38;2;0;0;144m4[38;2;0;0;142mA[38;2;0;0;141mB[38;2;0;0;140mC[38;2;0;0;138mD[38;2;0;0;137mE[38;2;0;0;136mF[38;2;0;0;134mG[38;2;0;0;133mH[38;2;0;0;132mI[38;2;0;0;131mJ[38;2;0;0;129mK[38;2;0;0;128mL[38;2;0;0;127mM[38;2;0;0;125mN[38;2;0;0;124mO[38;2;0;0;123mP[38;2;0;0;122mQ[38;2;0;0;120mR[38;2;0;0;119mS[38;2;0;0;118mT[38;2;0;0;116mU[38;2;0;0;115mV[38;2;0;0;114mW[38;2;0;0;113mX[38;2;0;0;111mY[38;2;0;0;110mZ[38;2;0;0;109m√Ö[38;2;0;0;107m√Ñ[38;2;0;0;106m√ñ[38;2;0;0;105ma[38;2;0;0;104mb[38;2;0;0;102mc[38;2;0;0;101md[38;2;0;0;100me[38;2;0;0;98mf[38;2;0;0;97mg[38;2;0;0;96mh[38;2;0;0;94mi[38;2;0;0;93mj[38;2;0;0;92mk[38;2;0;0;91ml[38;2;0;0;89mm[38;2;0;0;88mn[38;2;0;0;87mo[38;2;0;0;85mp[38;2;0;0;84mq[38;2;0;0;83mr[38;2;0;0;82ms[38;2;0;0;80mt[38;2;0;0;79mu[38;2;0;0;78mv[38;2;0;0;76mw[38;2;0;0;75mx[38;2;0;0;74my[38;2;0;0;73mz[38;2;0;0;71m√•[38;2;0;0;70m√§[38;2;0;0;69m√∂[38;2;0;0;67m [38;2;0;0;66m [38;2;0;0;65m [38;2;0;0;64m [0m
[38;2;0;0;144m5[38;2;0;0;142mA[38;2;0;0;141mB[38;2;0;0;140mC[38;2;0;0;138mD[38;2;0;0;137mE[38;2;0;0;136mF[38;2;0;0;134mG[38;2;0;0;133mH[38;2;0;0;132mI[38;2;0;0;131mJ[38;2;0;0;129mK[38;2;0;0;128mL[38;2;0;0;127mM[38;2;0;0;125mN[38;2;0;0;124mO[38;2;0;0;123mP[38;2;0;0;122mQ[38;2;0;0;120mR[38;2;0;0;119mS[38;2;0;0;118mT[38;2;0;0;116mU[38;2;0;0;115mV[38;2;0;0;114mW[38;2;0;0;113mX[38;2;0;0;111mY[38;2;0;0;110mZ[38;2;0;0;109m√Ö[38;2;0;0;107m√Ñ[38;2;0;0;106m√ñ[38;2;0;0;105ma[38;2;0;0;104mb[38;2;0;0;102mc[38;2;0;0;101md[38;2;0;0;100me[38;2;0;0;98mf[38;2;0;0;97mg[38;2;0;0;96mh[38;2;0;0;94mi[38;2;0;0;93mj[38;2;0;0;92mk[38;2;0;0;91ml[38;2;0;0;89mm[38;2;0;0;88mn[38;2;0;0;87mo[38;2;0;0;85mp[38;2;0;0;84mq[38;2;0;0;83mr[38;2;0;0;82ms[38;2;0;0;80mt[38;2;0;0;79mu[38;2;0;0;78mv[38;2;0;0;76mw[38;2;0;0;75mx[38;2;0;0;74my[38;2;0;0;73mz[38;2;0;0;71m√•[38;2;0;0;70m√§[38;2;0;0;69m√∂[38;2;0;0;67m [38;2;0;0;66m [38;2;0;0;65m [38;2;0;0;64m [0m
