[38;2;0;0;144;48;2;144;32;47m0[38;2;0;0;144;48;2;151;31;51mA[38;2;0;0;144;48;2;158;30;54mB[38;2;0;0;144;48;2;166;29;58mC[38;2;0;0;144;48;2;174;29;62mD[38;2;0;0;144;48;2;182;27;66mE[38;2;0;0;144;48;2;190;26;71mF[38;2;0;0;144;48;2;198;25;76mG[38;2;0;0;144;48;2;206;23;81mH[38;2;0;0;144;48;2;215;22;87mI[38;2;0;0;144;48;2;223;20;93mJ[38;2;0;0;144;48;2;232;18;99mK[38;2;0;0;144;48;2;238;19;106mL[38;2;0;0;144;48;2;241;23;115mM[38;2;0;0;144;48;2;244;27;123mN[38;2;0;0;144;48;2;246;31;131mO[38;2;0;0;144;48;2;249;35;139mP[38;2;0;0;144;48;2;251;40;147mQ[38;2;0;0;144;48;2;253;45;155mR[38;2;0;0;144;48;2;254;46;163mS[38;2;0;0;144;48;2;254;42;171mT[38;2;0;0;144;48;2;253;39;179mU[38;2;0;0;144;48;2;252;35;187mV[38;2;0;0;144;48;2;251;31;196mW[38;2;0;0;144;48;2;250;28;205mX[38;2;0;0;144;48;2;250;24;215mY[38;2;0;0;144;48;2;249;21;224mZ[38;2;0;0;144;48;2;248;17;234m√Ö[38;2;0;0;144;48;2;247;14;244m√Ñ[38;2;0;0;144;48;2;238;10;246m√ñ[38;2;0;0;144;48;2;224;9;243ma[38;2;0;0;144;48;2;208;10;238mb[38;2;0;0;144;48;2;193;10;233mc[38;2;0;0;144;48;2;179;11;228md[38;2;0;0;144;48;2;165;11;223me[38;2;0;0;144;48;2;152;12;218mf[38;2;0;0;144;48;2;139;12;213mg[38;2;0;0;144;48;2;127;13;208mh[38;2;0;0;144;48;2;116;13;203mi[38;2;0;0;144;48;2;104;14;198mj[38;2;0;0;144;48;2;94;14;194mk[38;2;0;0;144;48;2;84;15;189ml[38;2;0;0;144;48;2;74;15;184mm[38;2;0;0;144;48;2;65;15;179mn[38;2;0;0;144;48;2;56;15;175mo[38;2;0;0;144;48;2;48;16;170mp[38;2;0;0;144;48;2;40;16;165mq[38;2;0;0;144;48;2;32;16;161mr[38;2;0;0;144;48;2;25;16;156ms[38;2;0;0;144;48;2;19;16;152mt[38;2;0;0;144;48;2;17;21;147mu[38;2;0;0;144;48;2;17;26;143mv[38;2;0;0;144;48;2;17;32;138mw[38;2;0;0;144;48;2;17;37;134mx[38;2;0;0;144;48;2;17;42;130my[38;2;0;0;144;48;2;17;46;125mz[38;2;0;0;144;48;2;17;49;121m√•[38;2;0;0;144;48;2;16;53;117m√§[38;2;0;0;144;48;2;16;56;112m√∂[38;2;0;0;144;48;2;16;58;108m [38;2;0;0;144;48;2;16;60;104m [38;2;0;0;144;48;2;16;62;100m [38;2;0;0;144;48;2;15;64;96m [0m
[38;2;0;0;128;48;2;144;32;47m1[38;2;0;0;128;48;2;151;31;51mA[38;2;0;0;128;48;2;158;30;54mB[38;2;0;0;128;48;2;166;29;58mC[38;2;0;0;128;48;2;174;29;62mD[38;2;0;0;128;48;2;182;27;66mE[38;2;0;0;128;48;2;190;26;71mF[38;2;0;0;128;48;2;198;25;76mG[38;2;0;0;128;48;2;206;23;81mH[38;2;0;0;128;48;2;215;22;87mI[38;2;0;0;128;48;2;223;20;93mJ[38;2;0;0;128;48;2;232;18;99mK[38;2;0;0;128;48;2;238;19;106mL[38;2;0;0;128;48;2;241;23;115mM[38;2;0;0;128;48;2;244;27;123mN[38;2;0;0;128;48;2;246;31;131mO[38;2;0;0;128;48;2;249;35;139mP[38;2;0;0;128;48;2;251;40;147mQ[38;2;0;0;128;48;2;253;45;155mR[38;2;0;0;128;48;2;254;46;163mS[38;2;0;0;128;48;2;254;42;171mT[38;2;0;0;128;48;2;253;39;179mU[38;2;0;0;128;48;2;252;35;187mV[38;2;0;0;128;48;2;251;31;196mW[38;2;0;0;128;48;2;250;28;205mX[38;2;0;0;128;48;2;250;24;215mY[38;2;0;0;128;48;2;249;21;224mZ[38;2;0;0;128;48;2;248;17;234m√Ö[38;2;0;0;128;48;2;247;14;244m√Ñ[38;2;0;0;128;48;2;238;10;246m√ñ[38;2;0;0;128;48;2;224;9;243ma[38;2;0;0;128;48;2;208;10;238mb[38;2;0;0;128;48;2;193;10;233mc[38;2;0;0;128;48;2;179;11;228md[38;2;0;0;128;48;2;165;11;223me[38;2;0;0;128;48;2;152;12;218mf[38;2;0;0;128;48;2;139;12;213mg[38;2;0;0;128;48;2;127;13;208mh[38;2;0;0;128;48;2;116;13;203mi[38;2;0;0;128;48;2;104;14;198mj[38;2;0;0;128;48;2;94;14;194mk[38;2;0;0;128;48;2;84;15;189ml[38;2;0;0;128;48;2;74;15;184mm[38;2;0;0;128;48;2;65;15;179mn[38;2;0;0;128;48;2;56;15;175mo[38;2;0;0;128;48;2;48;16;170mp[38;2;0;0;128;48;2;40;16;165mq[38;2;0;0;128;48;2;32;16;161mr[38;2;0;0;128;48;2;25;16;156ms[38;2;0;0;128;48;2;19;16;152mt[38;2;0;0;128;48;2;17;21;147mu[38;2;0;0;128;48;2;17;26;143mv[38;2;0;0;128;48;2;17;32;138mw[38;2;0;0;128;48;2;17;37;134mx[38;2;0;0;128;48;2;17;42;130my[38;2;0;0;128;48;2;17;46;125mz[38;2;0;0;128;48;2;17;49;121m√•[38;2;0;0;128;48;2;16;53;117m√§[38;2;0;0;128;48;2;16;56;112m√∂[38;2;0;0;128;48;2;16;58;108m [38;2;0;0;128;48;2;16;60;104m [38;2;0;0;128;48;2;16;62;100m [38;2;0;0;128;48;2;15;64;96m [0m
[38;2;0;0;112;48;2;144;32;47m2[38;2;0;0;112;48;2;151;31;51mA[38;2;0;0;112;48;2;158;30;54mB[38;2;0;0;112;48;2;166;29;58mC[38;2;0;0;112;48;2;174;29;62mD[38;2;0;0;112;48;2;182;27;66mE[38;2;0;0;112;48;2;190;26;71mF[38;2;0;0;112;48;2;198;25;76mG[38;2;0;0;112;48;2;206;23;81mH[38;2;0;0;112;48;2;215;22;87mI[38;2;0;0;112;48;2;223;20;93mJ[38;2;0;0;112;48;2;232;18;99mK[38;2;0;0;112;48;2;238;19;106mL[38;2;0;0;112;48;2;241;23;115mM[38;2;0;0;112;48;2;244;27;123mN[38;2;0;0;112;48;2;246;31;131mO[38;2;0;0;112;48;2;249;35;139mP[38;2;0;0;112;48;2;251;40;147mQ[38;2;0;0;112;48;2;253;45;155mR[38;2;0;0;112;48;2;254;46;163mS[38;2;0;0;112;48;2;254;42;171mT[38;2;0;0;112;48;2;253;39;179mU[38;2;0;0;112;48;2;252;35;187mV[38;2;0;0;112;48;2;251;31;196mW[38;2;0;0;112;48;2;250;28;205mX[38;2;0;0;112;48;2;250;24;215mY[38;2;0;0;112;48;2;249;21;224mZ[38;2;0;0;112;48;2;248;17;234m√Ö[38;2;0;0;112;48;2;247;14;244m√Ñ[38;2;0;0;112;48;2;238;10;246m√ñ[38;2;0;0;112;48;2;224;9;243ma[38;2;0;0;112;48;2;208;10;238mb[38;2;0;0;112;48;2;193;10;233mc[38;2;0;0;112;48;2;179;11;228md[38;2;0;0;112;48;2;165;11;223me[38;2;0;0;112;48;2;152;12;218mf[38;2;0;0;112;48;2;139;12;213mg[38;2;0;0;112;48;2;127;13;208mh[38;2;0;0;112;48;2;116;13;203mi[38;2;0;0;112;48;2;104;14;198mj[38;2;0;0;112;48;2;94;14;194mk[38;2;0;0;112;48;2;84;15;189ml[38;2;0;0;112;48;2;74;15;184mm[38;2;0;0;112;48;2;65;15;179mn[38;2;0;0;112;48;2;56;15;175mo[38;2;0;0;112;48;2;48;16;170mp[38;2;0;0;112;48;2;40;16;165mq[38;2;0;0;112;48;2;32;16;161mr[38;2;0;0;112;48;2;25;16;156ms[38;2;0;0;112;48;2;19;16;152mt[38;2;0;0;112;48;2;17;21;147mu[38;2;0;0;112;48;2;17;26;143mv[38;2;0;0;112;48;2;17;32;138mw[38;2;0;0;112;48;2;17;37;134mx[38;2;0;0;112;48;2;17;42;130my[38;2;0;0;112;48;2;17;46;125mz[38;2;0;0;112;48;2;17;49;121m√•[38;2;0;0;112;48;2;16;53;117m√§[38;2;0;0;112;48;2;16;56;112m√∂[38;2;0;0;112;48;2;16;58;108m [38;2;0;0;112;48;2;16;60;104m [38;2;0;0;112;48;2;16;62;100m [38;2;0;0;112;48;2;15;64;96m [0m
[38;2;0;0;96;48;2;144;32;47m3[38;2;0;0;96;48;2;151;31;51mA[38;2;0;0;96;48;2;158;30;54mB[38;2;0;0;96;48;2;166;29;58mC[38;2;0;0;96;48;2;174;29;62mD[38;2;0;0;96;48;2;182;27;66mE[38;2;0;0;96;48;2;190;26;71mF[38;2;0;0;96;48;2;198;25;76mG[38;2;0;0;96;48;2;206;23;81mH[38;2;0;0;96;48;2;215;22;87mI[38;2;0;0;96;48;2;223;20;93mJ[38;2;0;0;96;48;2;232;18;99mK[38;2;0;0;96;48;2;238;19;106mL[38;2;0;0;96;48;2;241;23;115mM[38;2;0;0;96;48;2;244;27;123mN[38;2;0;0;96;48;2;246;31;131mO[38;2;0;0;96;48;2;249;35;139mP[38;2;0;0;96;48;2;251;40;147mQ[38;2;0;0;96;48;2;253;45;155mR[38;2;0;0;96;48;2;254;46;163mS[38;2;0;0;96;48;2;254;42;171mT[38;2;0;0;96;48;2;253;39;179mU[38;2;0;0;96;48;2;252;35;187mV[38;2;0;0;96;48;2;251;31;196mW[38;2;0;0;96;48;2;250;28;205mX[38;2;0;0;96;48;2;250;24;215mY[38;2;0;0;96;48;2;249;21;224mZ[38;2;0;0;96;48;2;248;17;234m√Ö[38;2;0;0;96;48;2;247;14;244m√Ñ[38;2;0;0;96;48;2;238;10;246m√ñ[38;2;0;0;96;48;2;224;9;243ma[38;2;0;0;96;48;2;208;10;238mb[38;2;0;0;96;48;2;193;10;233mc[38;2;0;0;96;48;2;179;11;228md[38;2;0;0;96;48;2;165;11;223me[38;2;0;0;96;48;2;152;12;218mf[38;2;0;0;96;48;2;139;12;213mg[38;2;0;0;96;48;2;127;13;208mh[38;2;0;0;96;48;2;116;13;203mi[38;2;0;0;96;48;2;104;14;198mj[38;2;0;0;96;48;2;94;14;194mk[38;2;0;0;96;48;2;84;15;189ml[38;2;0;0;96;48;2;74;15;184mm[38;2;0;0;96;48;2;65;15;179mn[38;2;0;0;96;48;2;56;15;175mo[38;2;0;0;96;48;2;48;16;170mp[38;2;0;0;96;48;2;40;16;165mq[38;2;0;0;96;48;2;32;16;161mr[38;2;0;0;96;48;2;25;16;156ms[38;2;0;0;96;48;2;19;16;152mt[38;2;0;0;96;48;2;17;21;147mu[38;2;0;0;96;48;2;17;26;143mv[38;2;0;0;96;48;2;17;32;138mw[38;2;0;0;96;48;2;17;37;134mx[38;2;0;0;96;48;2;17;42;130my[38;2;0;0;96;48;2;17;46;125mz[38;2;0;0;96;48;2;17;49;121m√•[38;2;0;0;96;48;2;16;53;117m√§[38;2;0;0;96;48;2;16;56;112m√∂[38;2;0;0;96;48;2;16;58;108m [38;2;0;0;96;48;2;16;60;104m [38;2;0;0;96;48;2;16;62;100m [38;2;0;0;96;48;2;15;64;96m [0m
[38;2;0;0;80;48;2;144;32;47m4[38;2;0;0;80;48;2;151;31;51mA[38;2;0;0;80;48;2;158;30;54mB[38;2;0;0;80;48;2;166;29;58mC[38;2;0;0;80;48;2;174;29;62mD[38;2;0;0;80;48;2;182;27;66mE[38;2;0;0;80;48;2;190;26;71mF[38;2;0;0;80;48;2;198;25;76mG[38;2;0;0;80;48;2;206;23;81mH[38;2;0;0;80;48;2;215;22;87mI[38;2;0;0;80;48;2;223;20;93mJ[38;2;0;0;80;48;2;232;18;99mK[38;2;0;0;80;48;2;238;19;106mL[38;2;0;0;80;48;2;241;23;115mM[38;2;0;0;80;48;2;244;27;123mN[38;2;0;0;80;48;2;246;31;131mO[38;2;0;0;80;48;2;249;35;139mP[38;2;0;0;80;48;2;251;40;147mQ[38;2;0;0;80;48;2;253;45;155mR[38;2;0;0;80;48;2;254;46;163mS[38;2;0;0;80;48;2;254;42;171mT[38;2;0;0;80;48;2;253;39;179mU[38;2;0;0;80;48;2;252;35;187mV[38;2;0;0;80;48;2;251;31;196mW[38;2;0;0;80;48;2;250;28;205mX[38;2;0;0;80;48;2;250;24;215mY[38;2;0;0;80;48;2;249;21;224mZ[38;2;0;0;80;48;2;248;17;234m√Ö[38;2;0;0;80;48;2;247;14;244m√Ñ[38;2;0;0;80;48;2;238;10;246m√ñ[38;2;0;0;80;48;2;224;9;243ma[38;2;0;0;80;48;2;208;10;238mb[38;2;0;0;80;48;2;193;10;233mc[38;2;0;0;80;48;2;179;11;228md[38;2;0;0;80;48;2;165;11;223me[38;2;0;0;80;48;2;152;12;218mf[38;2;0;0;80;48;2;139;12;213mg[38;2;0;0;80;48;2;127;13;208mh[38;2;0;0;80;48;2;116;13;203mi[38;2;0;0;80;48;2;104;14;198mj[38;2;0;0;80;48;2;94;14;194mk[38;2;0;0;80;48;2;84;15;189ml[38;2;0;0;80;48;2;74;15;184mm[38;2;0;0;80;48;2;65;15;179mn[38;2;0;0;80;48;2;56;15;175mo[38;2;0;0;80;48;2;48;16;170mp[38;2;0;0;80;48;2;40;16;165mq[38;2;0;0;80;48;2;32;16;161mr[38;2;0;0;80;48;2;25;16;156ms[38;2;0;0;80;48;2;19;16;152mt[38;2;0;0;80;48;2;17;21;147mu[38;2;0;0;80;48;2;17;26;143mv[38;2;0;0;80;48;2;17;32;138mw[38;2;0;0;80;48;2;17;37;134mx[38;2;0;0;80;48;2;17;42;130my[38;2;0;0;80;48;2;17;46;125mz[38;2;0;0;80;48;2;17;49;121m√•[38;2;0;0;80;48;2;16;53;117m√§[38;2;0;0;80;48;2;16;56;112m√∂[38;2;0;0;80;48;2;16;58;108m [38;2;0;0;80;48;2;16;60;104m [38;2;0;0;80;48;2;16;62;100m [38;2;0;0;80;48;2;15;64;96m [0m
[38;2;0;0;64;48;2;144;32;47m5[38;2;0;0;64;48;2;151;31;51mA[38;2;0;0;64;48;2;158;30;54mB[38;2;0;0;64;48;2;166;29;58mC[38;2;0;0;64;48;2;174;29;62mD[38;2;0;0;64;48;2;182;27;66mE[38;2;0;0;64;48;2;190;26;71mF[38;2;0;0;64;48;2;198;25;76mG[38;2;0;0;64;48;2;206;23;81mH[38;2;0;0;64;48;2;215;22;87mI[38;2;0;0;64;48;2;223;20;93mJ[38;2;0;0;64;48;2;232;18;99mK[38;2;0;0;64;48;2;238;19;106mL[38;2;0;0;64;48;2;241;23;115mM[38;2;0;0;64;48;2;244;27;123mN[38;2;0;0;64;48;2;246;31;131mO[38;2;0;0;64;48;2;249;35;139mP[38;2;0;0;64;48;2;251;40;147mQ[38;2;0;0;64;48;2;253;45;155mR[38;2;0;0;64;48;2;254;46;163mS[38;2;0;0;64;48;2;254;42;171mT[38;2;0;0;64;48;2;253;39;179mU[38;2;0;0;64;48;2;252;35;187mV[38;2;0;0;64;48;2;251;31;196mW[38;2;0;0;64;48;2;250;28;205mX[38;2;0;0;64;48;2;250;24;215mY[38;2;0;0;64;48;2;249;21;224mZ[38;2;0;0;64;48;2;248;17;234m√Ö[38;2;0;0;64;48;2;247;14;244m√Ñ[38;2;0;0;64;48;2;238;10;246m√ñ[38;2;0;0;64;48;2;224;9;243ma[38;2;0;0;64;48;2;208;10;238mb[38;2;0;0;64;48;2;193;10;233mc[38;2;0;0;64;48;2;179;11;228md[38;2;0;0;64;48;2;165;11;223me[38;2;0;0;64;48;2;152;12;218mf[38;2;0;0;64;48;2;139;12;213mg[38;2;0;0;64;48;2;127;13;208mh[38;2;0;0;64;48;2;116;13;203mi[38;2;0;0;64;48;2;104;14;198mj[38;2;0;0;64;48;2;94;14;194mk[38;2;0;0;64;48;2;84;15;189ml[38;2;0;0;64;48;2;74;15;184mm[38;2;0;0;64;48;2;65;15;179mn[38;2;0;0;64;48;2;56;15;175mo[38;2;0;0;64;48;2;48;16;170mp[38;2;0;0;64;48;2;40;16;165mq[38;2;0;0;64;48;2;32;16;161mr[38;2;0;0;64;48;2;25;16;156ms[38;2;0;0;64;48;2;19;16;152mt[38;2;0;0;64;48;2;17;21;147mu[38;2;0;0;64;48;2;17;26;143mv[38;2;0;0;64;48;2;17;32;138mw[38;2;0;0;64;48;2;17;37;134mx[38;2;0;0;64;48;2;17;42;130my[38;2;0;0;64;48;2;17;46;125mz[38;2;0;0;64;48;2;17;49;121m√•[38;2;0;0;64;48;2;16;53;117m√§[38;2;0;0;64;48;2;16;56;112m√∂[38;2;0;0;64;48;2;16;58;108m [38;2;0;0;64;48;2;16;60;104m [38;2;0;0;64;48;2;16;62;100m [38;2;0;0;64;48;2;15;64;96m [0m
