[48;2;144;32;47m0[48;2;144;32;47mA[48;2;144;32;47mB[48;2;144;32;47mC[48;2;144;32;47mD[48;2;144;32;47mE[48;2;144;32;47mF[48;2;144;32;47mG[48;2;144;32;47mH[48;2;144;32;47mI[48;2;144;32;47mJ[48;2;144;32;47mK[48;2;144;32;47mL[48;2;144;32;47mM[48;2;144;32;47mN[48;2;144;32;47mO[48;2;144;32;47mP[48;2;144;32;47mQ[48;2;144;32;47mR[48;2;144;32;47mS[48;2;144;32;47mT[48;2;144;32;47mU[48;2;144;32;47mV[48;2;144;32;47mW[48;2;144;32;47mX[48;2;144;32;47mY[48;2;144;32;47mZ[48;2;144;32;47m√Ö[48;2;144;32;47m√Ñ[48;2;144;32;47m√ñ[48;2;144;32;47ma[48;2;144;32;47mb[48;2;144;32;47mc[48;2;144;32;47md[48;2;144;32;47me[48;2;144;32;47mf[48;2;144;32;47mg[48;2;144;32;47mh[48;2;144;32;47mi[48;2;144;32;47mj[48;2;144;32;47mk[48;2;144;32;47ml[48;2;144;32;47mm[48;2;144;32;47mn[48;2;144;32;47mo[48;2;144;32;47mp[48;2;144;32;47mq[48;2;144;32;47mr[48;2;144;32;47ms[48;2;144;32;47mt[48;2;144;32;47mu[48;2;144;32;47mv[48;2;144;32;47mw[48;2;144;32;47mx[48;2;144;32;47my[48;2;144;32;47mz[48;2;144;32;47m√•[48;2;144;32;47m√§[48;2;144;32;47m√∂[48;2;144;32;47m [48;2;144;32;47m [48;2;144;32;47m [48;2;144;32;47m [0m
[48;2;239;20;110m1[48;2;239;20;110mA[48;2;239;20;110mB[48;2;239;20;110mC[48;2;239;20;110mD[48;2;239;20;110mE[48;2;239;20;110mF[48;2;239;20;110mG[48;2;239;20;110mH[48;2;239;20;110mI[48;2;239;20;110mJ[48;2;239;20;110mK[48;2;239;20;110mL[48;2;239;20;110mM[48;2;239;20;110mN[48;2;239;20;110mO[48;2;239;20;110mP[48;2;239;20;110mQ[48;2;239;20;110mR[48;2;239;20;110mS[48;2;239;20;110mT[48;2;239;20;110mU[48;2;239;20;110mV[48;2;239;20;110mW[48;2;239;20;110mX[48;2;239;20;110mY[48;2;239;20;110mZ[48;2;239;20;110m√Ö[48;2;239;20;110m√Ñ[48;2;239;20;110m√ñ[48;2;239;20;110ma[48;2;239;20;110mb[48;2;239;20;110mc[48;2;239;20;110md[48;2;239;20;110me[48;2;239;20;110mf[48;2;239;20;110mg[48;2;239;20;110mh[48;2;239;20;110mi[48;2;239;20;110mj[48;2;239;20;110mk[48;2;239;20;110ml[48;2;239;20;110mm[48;2;239;20;110mn[48;2;239;20;110mo[48;2;239;20;110mp[48;2;239;20;110mq[48;2;239;20;110mr[48;2;239;20;110ms[48;2;239;20;110mt[48;2;239;20;110mu[48;2;239;20;110mv[48;2;239;20;110mw[48;2;239;20;110mx[48;2;239;20;110my[48;2;239;20;110mz[48;2;239;20;110m√•[48;2;239;20;110m√§[48;2;239;20;110m√∂[48;2;239;20;110m [48;2;239;20;110m [48;2;239;20;110m [48;2;239;20;110m [0m
[48;2;250;25;213m2[48;2;250;25;213mA[48;2;250;25;213mB[48;2;250;25;213mC[48;2;250;25;213mD[48;2;250;25;213mE[48;2;250;25;213mF[48;2;250;25;213mG[48;2;250;25;213mH[48;2;250;25;213mI[48;2;250;25;213mJ[48;2;250;25;213mK[48;2;250;25;213mL[48;2;250;25;213mM[48;2;250;25;213mN[48;2;250;25;213mO[48;2;250;25;213mP[48;2;250;25;213mQ[48;2;250;25;213mR[48;2;250;25;213mS[48;2;250;25;213mT[48;2;250;25;213mU[48;2;250;25;213mV[48;2;250;25;213mW[48;2;250;25;213mX[48;2;250;25;213mY[48;2;250;25;213mZ[48;2;250;25;213m√Ö[48;2;250;25;213m√Ñ[48;2;250;25;213m√ñ[48;2;250;25;213ma[48;2;250;25;213mb[48;2;250;25;213mc[48;2;250;25;213md[48;2;250;25;213me[48;2;250;25;213mf[48;2;250;25;213mg[48;2;250;25;213mh[48;2;250;25;213mi[48;2;250;25;213mj[48;2;250;25;213mk[48;2;250;25;213ml[48;2;250;25;213mm[48;2;250;25;213mn[48;2;250;25;213mo[48;2;250;25;213mp[48;2;250;25;213mq[48;2;250;25;213mr[48;2;250;25;213ms[48;2;250;25;213mt[48;2;250;25;213mu[48;2;250;25;213mv[48;2;250;25;213mw[48;2;250;25;213mx[48;2;250;25;213my[48;2;250;25;213mz[48;2;250;25;213m√•[48;2;250;25;213m√§[48;2;250;25;213m√∂[48;2;250;25;213m [48;2;250;25;213m [48;2;250;25;213m [48;2;250;25;213m [0m
[48;2;125;13;207m3[48;2;125;13;207mA[48;2;125;13;207mB[48;2;125;13;207mC[48;2;125;13;207mD[48;2;125;13;207mE[48;2;125;13;207mF[48;2;125;13;207mG[48;2;125;13;207mH[48;2;125;13;207mI[48;2;125;13;207mJ[48;2;125;13;207mK[48;2;125;13;207mL[48;2;125;13;207mM[48;2;125;13;207mN[48;2;125;13;207mO[48;2;125;13;207mP[48;2;125;13;207mQ[48;2;125;13;207mR[48;2;125;13;207mS[48;2;125;13;207mT[48;2;125;13;207mU[48;2;125;13;207mV[48;2;125;13;207mW[48;2;125;13;207mX[48;2;125;13;207mY[48;2;125;13;207mZ[48;2;125;13;207m√Ö[48;2;125;13;207m√Ñ[48;2;125;13;207m√ñ[48;2;125;13;207ma[48;2;125;13;207mb[48;2;125;13;207mc[48;2;125;13;207md[48;2;125;13;207me[48;2;125;13;207mf[48;2;125;13;207mg[48;2;125;13;207mh[48;2;125;13;207mi[48;2;125;13;207mj[48;2;125;13;207mk[48;2;125;13;207ml[48;2;125;13;207mm[48;2;125;13;207mn[48;2;125;13;207mo[48;2;125;13;207mp[48;2;125;13;207mq[48;2;125;13;207mr[48;2;125;13;207ms[48;2;125;13;207mt[48;2;125;13;207mu[48;2;125;13;207mv[48;2;125;13;207mw[48;2;125;13;207mx[48;2;125;13;207my[48;2;125;13;207mz[48;2;125;13;207m√•[48;2;125;13;207m√§[48;2;125;13;207m√∂[48;2;125;13;207m [48;2;125;13;207m [48;2;125;13;207m [48;2;125;13;207m [0m
[48;2;16;18;149m4[48;2;16;18;149mA[48;2;16;18;149mB[48;2;16;18;149mC[48;2;16;18;149mD[48;2;16;18;149mE[48;2;16;18;149mF[48;2;16;18;149mG[48;2;16;18;149mH[48;2;16;18;149mI[48;2;16;18;149mJ[48;2;16;18;149mK[48;2;16;18;149mL[48;2;16;18;149mM[48;2;16;18;149mN[48;2;16;18;149mO[48;2;16;18;149mP[48;2;16;18;149mQ[48;2;16;18;149mR[48;2;16;18;149mS[48;2;16;18;149mT[48;2;16;18;149mU[48;2;16;18;149mV[48;2;16;18;149mW[48;2;16;18;149mX[48;2;16;18;149mY[48;2;16;18;149mZ[48;2;16;18;149m√Ö[48;2;16;18;149m√Ñ[48;2;16;18;149m√ñ[48;2;16;18;149ma[48;2;16;18;149mb[48;2;16;18;149mc[48;2;16;18;149md[48;2;16;18;149me[48;2;16;18;149mf[48;2;16;18;149mg[48;2;16;18;149mh[48;2;16;18;149mi[48;2;16;18;149mj[48;2;16;18;149mk[48;2;16;18;149ml[48;2;16;18;149mm[48;2;16;18;149mn[48;2;16;18;149mo[48;2;16;18;149mp[48;2;16;18;149mq[48;2;16;18;149mr[48;2;16;18;149ms[48;2;16;18;149mt[48;2;16;18;149mu[48;2;16;18;149mv[48;2;16;18;149mw[48;2;16;18;149mx[48;2;16;18;149my[48;2;16;18;149mz[48;2;16;18;149m√•[48;2;16;18;149m√§[48;2;16;18;149m√∂[48;2;16;18;149m [48;2;16;18;149m [48;2;16;18;149m [48;2;16;18;149m [0m
[48;2;15;64;96m5[48;2;15;64;96mA[48;2;15;64;96mB[48;2;15;64;96mC[48;2;15;64;96mD[48;2;15;64;96mE[48;2;15;64;96mF[48;2;15;64;96mG[48;2;15;64;96mH[48;2;15;64;96mI[48;2;15;64;96mJ[48;2;15;64;96mK[48;2;15;64;96mL[48;2;15;64;96mM[48;2;15;64;96mN[48;2;15;64;96mO[48;2;15;64;96mP[48;2;15;64;96mQ[48;2;15;64;96mR[48;2;15;64;96mS[48;2;15;64;96mT[48;2;15;64;96mU[48;2;15;64;96mV[48;2;15;64;96mW[48;2;15;64;96mX[48;2;15;64;96mY[48;2;15;64;96mZ[48;2;15;64;96m√Ö[48;2;15;64;96m√Ñ[48;2;15;64;96m√ñ[48;2;15;64;96ma[48;2;15;64;96mb[48;2;15;64;96mc[48;2;15;64;96md[48;2;15;64;96me[48;2;15;64;96mf[48;2;15;64;96mg[48;2;15;64;96mh[48;2;15;64;96mi[48;2;15;64;96mj[48;2;15;64;96mk[48;2;15;64;96ml[48;2;15;64;96mm[48;2;15;64;96mn[48;2;15;64;96mo[48;2;15;64;96mp[48;2;15;64;96mq[48;2;15;64;96mr[48;2;15;64;96ms[48;2;15;64;96mt[48;2;15;64;96mu[48;2;15;64;96mv[48;2;15;64;96mw[48;2;15;64;96mx[48;2;15;64;96my[48;2;15;64;96mz[48;2;15;64;96m√•[48;2;15;64;96m√§[48;2;15;64;96m√∂[48;2;15;64;96m [48;2;15;64;96m [48;2;15;64;96m [48;2;15;64;96m [0m
