[38;2;0;0;144m0[38;2;0;0;144mA[38;2;0;0;144mB[38;2;0;0;144mC[38;2;0;0;144mD[38;2;0;0;144mE[38;2;0;0;144mF[38;2;0;0;144mG[38;2;0;0;144mH[38;2;0;0;144mI[38;2;0;0;144mJ[38;2;0;0;144mK[38;2;0;0;144mL[38;2;0;0;144mM[38;2;0;0;144mN[38;2;0;0;144mO[38;2;0;0;144mP[38;2;0;0;144mQ[38;2;0;0;144mR[38;2;0;0;144mS[38;2;0;0;144mT[38;2;0;0;144mU[38;2;0;0;144mV[38;2;0;0;144mW[38;2;0;0;144mX[38;2;0;0;144mY[38;2;0;0;144mZ[38;2;0;0;144m√Ö[38;2;0;0;144m√Ñ[38;2;0;0;144m√ñ[38;2;0;0;144ma[38;2;0;0;144mb[38;2;0;0;144mc[38;2;0;0;144md[38;2;0;0;144me[38;2;0;0;144mf[38;2;0;0;144mg[38;2;0;0;144mh[38;2;0;0;144mi[38;2;0;0;144mj[38;2;0;0;144mk[38;2;0;0;144ml[38;2;0;0;144mm[38;2;0;0;144mn[38;2;0;0;144mo[38;2;0;0;144mp[38;2;0;0;144mq[38;2;0;0;144mr[38;2;0;0;144ms[38;2;0;0;144mt[38;2;0;0;144mu[38;2;0;0;144mv[38;2;0;0;144mw[38;2;0;0;144mx[38;2;0;0;144my[38;2;0;0;144mz[38;2;0;0;144m√•[38;2;0;0;144m√§[38;2;0;0;144m√∂[38;2;0;0;144m [38;2;0;0;144m [38;2;0;0;144m [38;2;0;0;144m [0m
[38;2;0;0;128m1[38;2;0;0;128mA[38;2;0;0;128mB[38;2;0;0;128mC[38;2;0;0;128mD[38;2;0;0;128mE[38;2;0;0;128mF[38;2;0;0;128mG[38;2;0;0;128mH[38;2;0;0;128mI[38;2;0;0;128mJ[38;2;0;0;128mK[38;2;0;0;128mL[38;2;0;0;128mM[38;2;0;0;128mN[38;2;0;0;128mO[38;2;0;0;128mP[38;2;0;0;128mQ[38;2;0;0;128mR[38;2;0;0;128mS[38;2;0;0;128mT[38;2;0;0;128mU[38;2;0;0;128mV[38;2;0;0;128mW[38;2;0;0;128mX[38;2;0;0;128mY[38;2;0;0;128mZ[38;2;0;0;128m√Ö[38;2;0;0;128m√Ñ[38;2;0;0;128m√ñ[38;2;0;0;128ma[38;2;0;0;128mb[38;2;0;0;128mc[38;2;0;0;128md[38;2;0;0;128me[38;2;0;0;128mf[38;2;0;0;128mg[38;2;0;0;128mh[38;2;0;0;128mi[38;2;0;0;128mj[38;2;0;0;128mk[38;2;0;0;128ml[38;2;0;0;128mm[38;2;0;0;128mn[38;2;0;0;128mo[38;2;0;0;128mp[38;2;0;0;128mq[38;2;0;0;128mr[38;2;0;0;128ms[38;2;0;0;128mt[38;2;0;0;128mu[38;2;0;0;128mv[38;2;0;0;128mw[38;2;0;0;128mx[38;2;0;0;128my[38;2;0;0;128mz[38;2;0;0;128m√•[38;2;0;0;128m√§[38;2;0;0;128m√∂[38;2;0;0;128m [38;2;0;0;128m [38;2;0;0;128m [38;2;0;0;128m [0m
[38;2;0;0;112m2[38;2;0;0;112mA[38;2;0;0;112mB[38;2;0;0;112mC[38;2;0;0;112mD[38;2;0;0;112mE[38;2;0;0;112mF[38;2;0;0;112mG[38;2;0;0;112mH[38;2;0;0;112mI[38;2;0;0;112mJ[38;2;0;0;112mK[38;2;0;0;112mL[38;2;0;0;112mM[38;2;0;0;112mN[38;2;0;0;112mO[38;2;0;0;112mP[38;2;0;0;112mQ[38;2;0;0;112mR[38;2;0;0;112mS[38;2;0;0;112mT[38;2;0;0;112mU[38;2;0;0;112mV[38;2;0;0;112mW[38;2;0;0;112mX[38;2;0;0;112mY[38;2;0;0;112mZ[38;2;0;0;112m√Ö[38;2;0;0;112m√Ñ[38;2;0;0;112m√ñ[38;2;0;0;112ma[38;2;0;0;112mb[38;2;0;0;112mc[38;2;0;0;112md[38;2;0;0;112me[38;2;0;0;112mf[38;2;0;0;112mg[38;2;0;0;112mh[38;2;0;0;112mi[38;2;0;0;112mj[38;2;0;0;112mk[38;2;0;0;112ml[38;2;0;0;112mm[38;2;0;0;112mn[38;2;0;0;112mo[38;2;0;0;112mp[38;2;0;0;112mq[38;2;0;0;112mr[38;2;0;0;112ms[38;2;0;0;112mt[38;2;0;0;112mu[38;2;0;0;112mv[38;2;0;0;112mw[38;2;0;0;112mx[38;2;0;0;112my[38;2;0;0;112mz[38;2;0;0;112m√•[38;2;0;0;112m√§[38;2;0;0;112m√∂[38;2;0;0;112m [38;2;0;0;112m [38;2;0;0;112m [38;2;0;0;112m [0m
[38;2;0;0;96m3[38;2;0;0;96mA[38;2;0;0;96mB[38;2;0;0;96mC[38;2;0;0;96mD[38;2;0;0;96mE[38;2;0;0;96mF[38;2;0;0;96mG[38;2;0;0;96mH[38;2;0;0;96mI[38;2;0;0;96mJ[38;2;0;0;96mK[38;2;0;0;96mL[38;2;0;0;96mM[38;2;0;0;96mN[38;2;0;0;96mO[38;2;0;0;96mP[38;2;0;0;96mQ[38;2;0;0;96mR[38;2;0;0;96mS[38;2;0;0;96mT[38;2;0;0;96mU[38;2;0;0;96mV[38;2;0;0;96mW[38;2;0;0;96mX[38;2;0;0;96mY[38;2;0;0;96mZ[38;2;0;0;96m√Ö[38;2;0;0;96m√Ñ[38;2;0;0;96m√ñ[38;2;0;0;96ma[38;2;0;0;96mb[38;2;0;0;96mc[38;2;0;0;96md[38;2;0;0;96me[38;2;0;0;96mf[38;2;0;0;96mg[38;2;0;0;96mh[38;2;0;0;96mi[38;2;0;0;96mj[38;2;0;0;96mk[38;2;0;0;96ml[38;2;0;0;96mm[38;2;0;0;96mn[38;2;0;0;96mo[38;2;0;0;96mp[38;2;0;0;96mq[38;2;0;0;96mr[38;2;0;0;96ms[38;2;0;0;96mt[38;2;0;0;96mu[38;2;0;0;96mv[38;2;0;0;96mw[38;2;0;0;96mx[38;2;0;0;96my[38;2;0;0;96mz[38;2;0;0;96m√•[38;2;0;0;96m√§[38;2;0;0;96m√∂[38;2;0;0;96m [38;2;0;0;96m [38;2;0;0;96m [38;2;0;0;96m [0m
[38;2;0;0;80m4[38;2;0;0;80mA[38;2;0;0;80mB[38;2;0;0;80mC[38;2;0;0;80mD[38;2;0;0;80mE[38;2;0;0;80mF[38;2;0;0;80mG[38;2;0;0;80mH[38;2;0;0;80mI[38;2;0;0;80mJ[38;2;0;0;80mK[38;2;0;0;80mL[38;2;0;0;80mM[38;2;0;0;80mN[38;2;0;0;80mO[38;2;0;0;80mP[38;2;0;0;80mQ[38;2;0;0;80mR[38;2;0;0;80mS[38;2;0;0;80mT[38;2;0;0;80mU[38;2;0;0;80mV[38;2;0;0;80mW[38;2;0;0;80mX[38;2;0;0;80mY[38;2;0;0;80mZ[38;2;0;0;80m√Ö[38;2;0;0;80m√Ñ[38;2;0;0;80m√ñ[38;2;0;0;80ma[38;2;0;0;80mb[38;2;0;0;80mc[38;2;0;0;80md[38;2;0;0;80me[38;2;0;0;80mf[38;2;0;0;80mg[38;2;0;0;80mh[38;2;0;0;80mi[38;2;0;0;80mj[38;2;0;0;80mk[38;2;0;0;80ml[38;2;0;0;80mm[38;2;0;0;80mn[38;2;0;0;80mo[38;2;0;0;80mp[38;2;0;0;80mq[38;2;0;0;80mr[38;2;0;0;80ms[38;2;0;0;80mt[38;2;0;0;80mu[38;2;0;0;80mv[38;2;0;0;80mw[38;2;0;0;80mx[38;2;0;0;80my[38;2;0;0;80mz[38;2;0;0;80m√•[38;2;0;0;80m√§[38;2;0;0;80m√∂[38;2;0;0;80m [38;2;0;0;80m [38;2;0;0;80m [38;2;0;0;80m [0m
[38;2;0;0;64m5[38;2;0;0;64mA[38;2;0;0;64mB[38;2;0;0;64mC[38;2;0;0;64mD[38;2;0;0;64mE[38;2;0;0;64mF[38;2;0;0;64mG[38;2;0;0;64mH[38;2;0;0;64mI[38;2;0;0;64mJ[38;2;0;0;64mK[38;2;0;0;64mL[38;2;0;0;64mM[38;2;0;0;64mN[38;2;0;0;64mO[38;2;0;0;64mP[38;2;0;0;64mQ[38;2;0;0;64mR[38;2;0;0;64mS[38;2;0;0;64mT[38;2;0;0;64mU[38;2;0;0;64mV[38;2;0;0;64mW[38;2;0;0;64mX[38;2;0;0;64mY[38;2;0;0;64mZ[38;2;0;0;64m√Ö[38;2;0;0;64m√Ñ[38;2;0;0;64m√ñ[38;2;0;0;64ma[38;2;0;0;64mb[38;2;0;0;64mc[38;2;0;0;64md[38;2;0;0;64me[38;2;0;0;64mf[38;2;0;0;64mg[38;2;0;0;64mh[38;2;0;0;64mi[38;2;0;0;64mj[38;2;0;0;64mk[38;2;0;0;64ml[38;2;0;0;64mm[38;2;0;0;64mn[38;2;0;0;64mo[38;2;0;0;64mp[38;2;0;0;64mq[38;2;0;0;64mr[38;2;0;0;64ms[38;2;0;0;64mt[38;2;0;0;64mu[38;2;0;0;64mv[38;2;0;0;64mw[38;2;0;0;64mx[38;2;0;0;64my[38;2;0;0;64mz[38;2;0;0;64m√•[38;2;0;0;64m√§[38;2;0;0;64m√∂[38;2;0;0;64m [38;2;0;0;64m [38;2;0;0;64m [38;2;0;0;64m [0m
